// Jest Snapshot v1, https://goo.gl/fbAQLP

exports[`bid tests BidScreen renders correctly 1`] = `
<ContextConsumer>
  <Component />
</ContextConsumer>
`;
