// Jest Snapshot v1, https://goo.gl/fbAQLP

exports[`stock tests Stockscreen renders correctly 1`] = `
<TouchableText
  accessible={true}
  allowFontScaling={true}
  ellipsizeMode="tail"
  forwardedRef={null}
>
  Error, stockinfo not found!
</TouchableText>
`;

exports[`stock tests Stockscreen renders correctly with stock 1`] = `
<_class
  refreshControl={
    <RefreshControlMock
      colors={
        Array [
          "#004D40",
        ]
      }
      onRefresh={[Function]}
      refreshing={false}
    />
  }
>
  <RefreshControlMock
    colors={
      Array [
        "#004D40",
      ]
    }
    onRefresh={[Function]}
    refreshing={false}
  />
  <View>
    <Themed.Card
      containerStyle={
        Object {
          "flex": 1,
          "margin": 0,
          "paddingBottom": 31.388235294117646,
          "paddingLeft": 34.285714285714285,
          "paddingRight": 34.285714285714285,
          "paddingTop": 31.388235294117646,
        }
      }
    >
      <Component
        fetchTime={2018-12-17T01:24:00.000Z}
        historyLoading={false}
        intraLoading={false}
        intradayQuote={
          Object {
            "close": 168.63,
            "date": "2018-12-12T00:20:00.000Z",
            "high": 170.43,
            "low": 165.43,
            "open": 170.4,
            "symbol": "AAPL",
            "volume": 12279994,
          }
        }
        metaLoading={false}
        revenue={0.03689356207341819}
        stockMetadata={
          Object {
            "currency": "USD",
            "fetchTime": 2018-12-17T01:24:00.000Z,
            "marketClose": "2018-12-12 11:20:00",
            "marketOpen": "2018-12-12 11:20:00",
            "name": "Apple Inc.",
            "region": "string",
            "symbol": "AAPL",
            "timeZone": "US/Eastern",
            "type": "string",
          }
        }
      />
    </Themed.Card>
    <Themed.Card
      containerStyle={
        Object {
          "flex": 1,
          "margin": 0,
          "paddingBottom": 31.388235294117646,
          "paddingLeft": 34.285714285714285,
          "paddingRight": 34.285714285714285,
          "paddingTop": 31.388235294117646,
        }
      }
    >
      <Diagram
        historyData={
          Array [
            Object {
              "close": 162.63,
              "date": "2018-12-15T00:00:00.000Z",
              "high": 170.43,
              "low": 165.43,
              "open": 170.4,
              "symbol": "AAPL",
              "volume": 12279994,
            },
            Object {
              "close": 168.63,
              "date": "2018-12-14T00:00:00.000Z",
              "high": 170.43,
              "low": 161.43,
              "open": 170.4,
              "symbol": "AAPL",
              "volume": 12279994,
            },
          ]
        }
        intraDay={
          Array [
            Object {
              "close": 168.63,
              "date": "2018-12-12T00:20:00.000Z",
              "high": 170.43,
              "low": 165.43,
              "open": 170.4,
              "symbol": "AAPL",
              "volume": 12279994,
            },
            Object {
              "close": 168.63,
              "date": "2018-12-12T00:10:00.000Z",
              "high": 170.43,
              "low": 165.43,
              "open": 170.4,
              "symbol": "AAPL",
              "volume": 12279994,
            },
          ]
        }
      />
    </Themed.Card>
    <Themed.Card
      containerStyle={
        Object {
          "flex": 1,
          "margin": 0,
          "paddingBottom": 31.388235294117646,
          "paddingLeft": 34.285714285714285,
          "paddingRight": 34.285714285714285,
          "paddingTop": 31.388235294117646,
        }
      }
    >
      <CardButton
        iconName="bid"
        onPress={[Function]}
        translationTitle="StockPage.Bid"
      />
    </Themed.Card>
  </View>
</_class>
`;
